<html>
<body>
<pre>
<h1>µVision Build Log</h1>
<h2>Tool Versions:</h2>
IDE-Version: µVision V5.26.2.0
Copyright (C) 2018 ARM Ltd and ARM Germany GmbH. All rights reserved.
License Information: Neel Patel, Virginia Commonwealth University, LIC=----
 
Tool Versions:
Toolchain:       MDK-Lite  Version: 5.26.2.0
Toolchain Path:  C:\Keil_v5\ARM\ARMCC\Bin
C Compiler:      Armcc.exe V5.06 update 6 (build 750)
Assembler:       Armasm.exe V5.06 update 6 (build 750)
Linker/Locator:  ArmLink.exe V5.06 update 6 (build 750)
Library Manager: ArmAr.exe V5.06 update 6 (build 750)
Hex Converter:   FromElf.exe V5.06 update 6 (build 750)
CPU DLL:         SARMCM3.DLL V5.26.2.0
Dialog DLL:      DCM.DLL V1.17.2.0
Target DLL:      STLink\ST-LINKIII-KEIL_SWO.dll V3.0.5.0
Dialog DLL:      TCM.DLL V1.36.1.0
 
<h2>Project:</h2>
C:\Users\Neel P\Desktop\VCU\EGRE 364\Labs\Final Project\Line Following\Lab 3\Motor_C\motor.uvprojx
Project File Date:  12/02/2018

<h2>Output:</h2>
*** Using Compiler 'V5.06 update 6 (build 750)', folder: 'C:\Keil_v5\ARM\ARMCC\Bin'
Build target 'Target 1'
compiling main.c...
main.c(400): warning:  #167-D: argument of type "char *" is incompatible with parameter of type "uint8_t *"
  		LCD_WriteChar(&r0, 0, 0, 0);
main.c(404): warning:  #167-D: argument of type "char *" is incompatible with parameter of type "uint8_t *"
  		LCD_WriteChar(&r0, 0, 0, 0);
main.c(420): warning:  #167-D: argument of type "char *" is incompatible with parameter of type "uint8_t *"
  		LCD_WriteChar(&r1, 0, 0, 1);
main.c(424): warning:  #167-D: argument of type "char *" is incompatible with parameter of type "uint8_t *"
  		LCD_WriteChar(&r1, 0, 0, 1);
main.c(440): warning:  #167-D: argument of type "char *" is incompatible with parameter of type "uint8_t *"
  		LCD_WriteChar(&r2, 0, 0, 2);
main.c(444): warning:  #167-D: argument of type "char *" is incompatible with parameter of type "uint8_t *"
  		LCD_WriteChar(&r2, 0, 0, 2);
main.c(461): warning:  #167-D: argument of type "char *" is incompatible with parameter of type "uint8_t *"
  		LCD_WriteChar(&r3, 0, 0, 3);
main.c(465): warning:  #167-D: argument of type "char *" is incompatible with parameter of type "uint8_t *"
  		LCD_WriteChar(&r3, 0, 0, 3);
main.c: 8 warnings, 0 errors
linking...
Program Size: Code=6192 RO-data=536 RW-data=48 ZI-data=1632  
".\Objects\motor.axf" - 0 Error(s), 8 Warning(s).

<h2>Software Packages used:</h2>

Package Vendor: Keil
                http://www.keil.com/pack/Keil.STM32L4xx_DFP.2.0.0.pack
                Keil.STM32L4xx_DFP.2.0.0
                STMicroelectronics STM32L4 Series Device Support, Drivers and Examples

<h2>Collection of Component include folders:</h2>
  .\RTE\_Target_1
  C:\Keil_v5\ARM\PACK\Keil\STM32L4xx_DFP\2.0.0\Drivers\CMSIS\Device\ST\STM32L4xx\Include

<h2>Collection of Component Files used:</h2>
Build Time Elapsed:  00:00:01
</pre>
</body>
</html>
