Component: ARM Compiler 5.06 update 6 (build 750) Tool: armlink [4d35ed]

==============================================================================

Section Cross References

    startup_stm32l476xx.o(STACK) refers (Special) to heapauxi.o(.text) for __use_two_region_memory
    startup_stm32l476xx.o(HEAP) refers (Special) to heapauxi.o(.text) for __use_two_region_memory
    startup_stm32l476xx.o(RESET) refers (Special) to heapauxi.o(.text) for __use_two_region_memory
    startup_stm32l476xx.o(RESET) refers to startup_stm32l476xx.o(STACK) for __initial_sp
    startup_stm32l476xx.o(RESET) refers to startup_stm32l476xx.o(.text) for Reset_Handler
    startup_stm32l476xx.o(RESET) refers to systimer.o(i.SysTick_Handler) for SysTick_Handler
    startup_stm32l476xx.o(RESET) refers to adc.o(i.ADC1_2_IRQHandler) for ADC1_2_IRQHandler
    startup_stm32l476xx.o(.text) refers (Special) to heapauxi.o(.text) for __use_two_region_memory
    startup_stm32l476xx.o(.text) refers to __main.o(!!!main) for __main
    startup_stm32l476xx.o(.text) refers to startup_stm32l476xx.o(HEAP) for Heap_Mem
    startup_stm32l476xx.o(.text) refers to startup_stm32l476xx.o(STACK) for Stack_Mem
    systimer.o(i.SysTick_Handler) refers to systimer.o(.data) for msTicks
    systimer.o(i.delay) refers to systimer.o(.data) for msTicks
    main.o(i.StepMotor_1) refers to systimer.o(i.delay) for delay
    main.o(i.StepMotor_1) refers to main.o(i.coil_m1_right) for coil_m1_right
    main.o(i.StepMotor_2) refers to systimer.o(i.delay) for delay
    main.o(i.StepMotor_2) refers to main.o(i.coil_m1_left) for coil_m1_left
    main.o(i.coil_m1_left) refers to main.o(i.Pin_High_LeftWheel) for Pin_High_LeftWheel
    main.o(i.coil_m1_left) refers to main.o(i.Pin_Low_LeftWheel) for Pin_Low_LeftWheel
    main.o(i.coil_m1_right) refers to main.o(i.Pin_High_RightWheel) for Pin_High_RightWheel
    main.o(i.coil_m1_right) refers to main.o(i.Pin_Low_RightWheel) for Pin_Low_RightWheel
    main.o(i.main) refers to rt_memcpy_w.o(.text) for __aeabi_memcpy4
    main.o(i.main) refers to main.o(i.System_Clock_Init) for System_Clock_Init
    main.o(i.main) refers to systimer.o(i.SysTick_Init) for SysTick_Init
    main.o(i.main) refers to main.o(i.Motor_Init_Right) for Motor_Init_Right
    main.o(i.main) refers to main.o(i.Motor_Init_Left) for Motor_Init_Left
    main.o(i.main) refers to main.o(i.refsensor_init) for refsensor_init
    main.o(i.main) refers to lcd.o(i.LCD_Initialization) for LCD_Initialization
    main.o(i.main) refers to lcd.o(i.LCD_Clear) for LCD_Clear
    main.o(i.main) refers to lcd.o(i.LCD_bar) for LCD_bar
    main.o(i.main) refers to lcd.o(i.LCD_DisplayString) for LCD_DisplayString
    main.o(i.main) refers to main.o(i.refsensor1) for refsensor1
    main.o(i.main) refers to main.o(i.refsensor2) for refsensor2
    main.o(i.main) refers to main.o(i.refsensor3) for refsensor3
    main.o(i.main) refers to main.o(i.refsensor4) for refsensor4
    main.o(i.main) refers to main.o(i.StepMotor_1) for StepMotor_1
    main.o(i.main) refers to main.o(i.StepMotor_2) for StepMotor_2
    main.o(i.main) refers to systimer.o(i.delay) for delay
    main.o(i.main) refers to main.o(.constdata) for .constdata
    main.o(i.refsensor1) refers to main.o(i.delay1) for delay1
    main.o(i.refsensor1) refers to lcd.o(i.LCD_WriteChar) for LCD_WriteChar
    main.o(i.refsensor1) refers to main.o(.data) for count
    main.o(i.refsensor2) refers to main.o(i.delay1) for delay1
    main.o(i.refsensor2) refers to lcd.o(i.LCD_WriteChar) for LCD_WriteChar
    main.o(i.refsensor2) refers to main.o(.data) for count1
    main.o(i.refsensor3) refers to main.o(i.delay1) for delay1
    main.o(i.refsensor3) refers to lcd.o(i.LCD_WriteChar) for LCD_WriteChar
    main.o(i.refsensor3) refers to main.o(.data) for count2
    main.o(i.refsensor4) refers to main.o(i.delay1) for delay1
    main.o(i.refsensor4) refers to lcd.o(i.LCD_WriteChar) for LCD_WriteChar
    main.o(i.refsensor4) refers to main.o(.data) for count3
    adc.o(i.ADC_Init) refers to adc.o(i.ADC_Pin_Init) for ADC_Pin_Init
    adc.o(i.ADC_Init) refers to adc.o(i.ADC_Common_Configuration) for ADC_Common_Configuration
    adc.o(i.ADC_Init) refers to adc.o(i.ADC_Wakeup) for ADC_Wakeup
    lcd.o(i.LCD_Conv_Char_Seg) refers to lcd.o(.constdata) for NumberMap
    lcd.o(i.LCD_DisplayString) refers to lcd.o(i.LCD_WriteChar) for LCD_WriteChar
    lcd.o(i.LCD_Initialization) refers to lcd.o(i.LCD_PIN_Init) for LCD_PIN_Init
    lcd.o(i.LCD_Initialization) refers to lcd.o(i.LCD_Clock_Init) for LCD_Clock_Init
    lcd.o(i.LCD_Initialization) refers to lcd.o(i.LCD_Configure) for LCD_Configure
    lcd.o(i.LCD_Initialization) refers to lcd.o(i.LCD_Clear) for LCD_Clear
    lcd.o(i.LCD_WriteChar) refers to lcd.o(i.LCD_Conv_Char_Seg) for LCD_Conv_Char_Seg
    lcd.o(i.LCD_bar) refers to lcd.o(.data) for t_bar
    __main.o(!!!main) refers to __rtentry.o(.ARM.Collect$$rtentry$$00000000) for __rt_entry
    __rtentry.o(.ARM.Collect$$rtentry$$00000000) refers (Special) to __rtentry2.o(.ARM.Collect$$rtentry$$0000000A) for __rt_entry_li
    __rtentry.o(.ARM.Collect$$rtentry$$00000000) refers (Special) to __rtentry2.o(.ARM.Collect$$rtentry$$0000000D) for __rt_entry_main
    __rtentry.o(.ARM.Collect$$rtentry$$00000000) refers (Special) to __rtentry2.o(.ARM.Collect$$rtentry$$0000000C) for __rt_entry_postli_1
    __rtentry.o(.ARM.Collect$$rtentry$$00000000) refers (Special) to __rtentry2.o(.ARM.Collect$$rtentry$$00000009) for __rt_entry_postsh_1
    __rtentry.o(.ARM.Collect$$rtentry$$00000000) refers (Special) to __rtentry2.o(.ARM.Collect$$rtentry$$00000002) for __rt_entry_presh_1
    __rtentry.o(.ARM.Collect$$rtentry$$00000000) refers (Special) to __rtentry4.o(.ARM.Collect$$rtentry$$00000004) for __rt_entry_sh
    __rtentry2.o(.ARM.Collect$$rtentry$$00000008) refers to boardinit2.o(.text) for _platform_post_stackheap_init
    __rtentry2.o(.ARM.Collect$$rtentry$$0000000A) refers to libinit.o(.ARM.Collect$$libinit$$00000000) for __rt_lib_init
    __rtentry2.o(.ARM.Collect$$rtentry$$0000000B) refers to boardinit3.o(.text) for _platform_post_lib_init
    __rtentry2.o(.ARM.Collect$$rtentry$$0000000D) refers to main.o(i.main) for main
    __rtentry2.o(.ARM.Collect$$rtentry$$0000000D) refers to exit.o(.text) for exit
    __rtentry2.o(.ARM.exidx) refers to __rtentry2.o(.ARM.Collect$$rtentry$$00000001) for .ARM.Collect$$rtentry$$00000001
    __rtentry2.o(.ARM.exidx) refers to __rtentry2.o(.ARM.Collect$$rtentry$$00000008) for .ARM.Collect$$rtentry$$00000008
    __rtentry2.o(.ARM.exidx) refers to __rtentry2.o(.ARM.Collect$$rtentry$$0000000A) for .ARM.Collect$$rtentry$$0000000A
    __rtentry2.o(.ARM.exidx) refers to __rtentry2.o(.ARM.Collect$$rtentry$$0000000B) for .ARM.Collect$$rtentry$$0000000B
    __rtentry2.o(.ARM.exidx) refers to __rtentry2.o(.ARM.Collect$$rtentry$$0000000D) for .ARM.Collect$$rtentry$$0000000D
    __rtentry4.o(.ARM.Collect$$rtentry$$00000004) refers to sys_stackheap_outer.o(.text) for __user_setup_stackheap
    __rtentry4.o(.ARM.exidx) refers to __rtentry4.o(.ARM.Collect$$rtentry$$00000004) for .ARM.Collect$$rtentry$$00000004
    sys_stackheap_outer.o(.text) refers to libspace.o(.text) for __user_perproc_libspace
    sys_stackheap_outer.o(.text) refers to startup_stm32l476xx.o(.text) for __user_initial_stackheap
    exit.o(.text) refers to rtexit.o(.ARM.Collect$$rtexit$$00000000) for __rt_exit
    libinit.o(.ARM.Collect$$libinit$$00000000) refers (Special) to libinit2.o(.ARM.Collect$$libinit$$0000002E) for __rt_lib_init_alloca_1
    libinit.o(.ARM.Collect$$libinit$$00000000) refers (Special) to libinit2.o(.ARM.Collect$$libinit$$0000002C) for __rt_lib_init_argv_1
    libinit.o(.ARM.Collect$$libinit$$00000000) refers (Special) to libinit2.o(.ARM.Collect$$libinit$$0000001B) for __rt_lib_init_atexit_1
    libinit.o(.ARM.Collect$$libinit$$00000000) refers (Special) to libinit2.o(.ARM.Collect$$libinit$$00000021) for __rt_lib_init_clock_1
    libinit.o(.ARM.Collect$$libinit$$00000000) refers (Special) to libinit2.o(.ARM.Collect$$libinit$$00000032) for __rt_lib_init_cpp_1
    libinit.o(.ARM.Collect$$libinit$$00000000) refers (Special) to libinit2.o(.ARM.Collect$$libinit$$00000030) for __rt_lib_init_exceptions_1
    libinit.o(.ARM.Collect$$libinit$$00000000) refers (Special) to libinit2.o(.ARM.Collect$$libinit$$00000001) for __rt_lib_init_fp_1
    libinit.o(.ARM.Collect$$libinit$$00000000) refers (Special) to libinit2.o(.ARM.Collect$$libinit$$0000001F) for __rt_lib_init_fp_trap_1
    libinit.o(.ARM.Collect$$libinit$$00000000) refers (Special) to libinit2.o(.ARM.Collect$$libinit$$00000023) for __rt_lib_init_getenv_1
    libinit.o(.ARM.Collect$$libinit$$00000000) refers (Special) to libinit2.o(.ARM.Collect$$libinit$$0000000A) for __rt_lib_init_heap_1
    libinit.o(.ARM.Collect$$libinit$$00000000) refers (Special) to libinit2.o(.ARM.Collect$$libinit$$00000011) for __rt_lib_init_lc_collate_1
    libinit.o(.ARM.Collect$$libinit$$00000000) refers (Special) to libinit2.o(.ARM.Collect$$libinit$$00000013) for __rt_lib_init_lc_ctype_1
    libinit.o(.ARM.Collect$$libinit$$00000000) refers (Special) to libinit2.o(.ARM.Collect$$libinit$$00000015) for __rt_lib_init_lc_monetary_1
    libinit.o(.ARM.Collect$$libinit$$00000000) refers (Special) to libinit2.o(.ARM.Collect$$libinit$$00000017) for __rt_lib_init_lc_numeric_1
    libinit.o(.ARM.Collect$$libinit$$00000000) refers (Special) to libinit2.o(.ARM.Collect$$libinit$$00000019) for __rt_lib_init_lc_time_1
    libinit.o(.ARM.Collect$$libinit$$00000000) refers (Special) to libinit2.o(.ARM.Collect$$libinit$$00000004) for __rt_lib_init_preinit_1
    libinit.o(.ARM.Collect$$libinit$$00000000) refers (Special) to libinit2.o(.ARM.Collect$$libinit$$0000000E) for __rt_lib_init_rand_1
    libinit.o(.ARM.Collect$$libinit$$00000000) refers (Special) to libinit2.o(.ARM.Collect$$libinit$$00000033) for __rt_lib_init_return
    libinit.o(.ARM.Collect$$libinit$$00000000) refers (Special) to libinit2.o(.ARM.Collect$$libinit$$0000001D) for __rt_lib_init_signal_1
    libinit.o(.ARM.Collect$$libinit$$00000000) refers (Special) to libinit2.o(.ARM.Collect$$libinit$$00000025) for __rt_lib_init_stdio_1
    libinit.o(.ARM.Collect$$libinit$$00000000) refers (Special) to libinit2.o(.ARM.Collect$$libinit$$0000000C) for __rt_lib_init_user_alloc_1
    libspace.o(.text) refers to libspace.o(.bss) for __libspace_start
    rtexit.o(.ARM.Collect$$rtexit$$00000000) refers (Special) to rtexit2.o(.ARM.Collect$$rtexit$$00000004) for __rt_exit_exit
    rtexit.o(.ARM.Collect$$rtexit$$00000000) refers (Special) to rtexit2.o(.ARM.Collect$$rtexit$$00000003) for __rt_exit_ls
    rtexit.o(.ARM.Collect$$rtexit$$00000000) refers (Special) to rtexit2.o(.ARM.Collect$$rtexit$$00000002) for __rt_exit_prels_1
    rtexit.o(.ARM.exidx) refers (Special) to rtexit2.o(.ARM.Collect$$rtexit$$00000004) for __rt_exit_exit
    rtexit.o(.ARM.exidx) refers (Special) to rtexit2.o(.ARM.Collect$$rtexit$$00000003) for __rt_exit_ls
    rtexit.o(.ARM.exidx) refers (Special) to rtexit2.o(.ARM.Collect$$rtexit$$00000002) for __rt_exit_prels_1
    rtexit.o(.ARM.exidx) refers to rtexit.o(.ARM.Collect$$rtexit$$00000000) for .ARM.Collect$$rtexit$$00000000
    libinit2.o(.ARM.Collect$$libinit$$00000001) refers to fpinit.o(x$fpl$fpinit) for _fp_init
    libinit2.o(.ARM.Collect$$libinit$$00000010) refers to libinit2.o(.ARM.Collect$$libinit$$0000000F) for .ARM.Collect$$libinit$$0000000F
    libinit2.o(.ARM.Collect$$libinit$$00000012) refers to libinit2.o(.ARM.Collect$$libinit$$0000000F) for .ARM.Collect$$libinit$$0000000F
    libinit2.o(.ARM.Collect$$libinit$$00000014) refers to libinit2.o(.ARM.Collect$$libinit$$0000000F) for .ARM.Collect$$libinit$$0000000F
    libinit2.o(.ARM.Collect$$libinit$$00000016) refers to libinit2.o(.ARM.Collect$$libinit$$0000000F) for .ARM.Collect$$libinit$$0000000F
    libinit2.o(.ARM.Collect$$libinit$$00000018) refers to libinit2.o(.ARM.Collect$$libinit$$0000000F) for .ARM.Collect$$libinit$$0000000F
    libinit2.o(.ARM.Collect$$libinit$$00000026) refers to argv_veneer.o(.emb_text) for __ARM_argv_veneer
    libinit2.o(.ARM.Collect$$libinit$$00000027) refers to argv_veneer.o(.emb_text) for __ARM_argv_veneer
    rtexit2.o(.ARM.Collect$$rtexit$$00000003) refers to libshutdown.o(.ARM.Collect$$libshutdown$$00000000) for __rt_lib_shutdown
    rtexit2.o(.ARM.Collect$$rtexit$$00000004) refers to sys_exit.o(.text) for _sys_exit
    rtexit2.o(.ARM.exidx) refers to rtexit2.o(.ARM.Collect$$rtexit$$00000001) for .ARM.Collect$$rtexit$$00000001
    rtexit2.o(.ARM.exidx) refers to rtexit2.o(.ARM.Collect$$rtexit$$00000003) for .ARM.Collect$$rtexit$$00000003
    rtexit2.o(.ARM.exidx) refers to rtexit2.o(.ARM.Collect$$rtexit$$00000004) for .ARM.Collect$$rtexit$$00000004
    argv_veneer.o(.emb_text) refers to no_argv.o(.text) for __ARM_get_argv
    sys_exit.o(.text) refers (Special) to use_no_semi.o(.text) for __I$use$semihosting
    sys_exit.o(.text) refers (Special) to indicate_semi.o(.text) for __semihosting_library_function
    _get_argv_nomalloc.o(.text) refers (Special) to hrguard.o(.text) for __heap_region$guard
    _get_argv_nomalloc.o(.text) refers to defsig_rtmem_outer.o(.text) for __rt_SIGRTMEM
    _get_argv_nomalloc.o(.text) refers to sys_command.o(.text) for _sys_command_string
    libshutdown.o(.ARM.Collect$$libshutdown$$00000000) refers (Special) to libshutdown2.o(.ARM.Collect$$libshutdown$$00000002) for __rt_lib_shutdown_cpp_1
    libshutdown.o(.ARM.Collect$$libshutdown$$00000000) refers (Special) to libshutdown2.o(.ARM.Collect$$libshutdown$$00000007) for __rt_lib_shutdown_fp_trap_1
    libshutdown.o(.ARM.Collect$$libshutdown$$00000000) refers (Special) to libshutdown2.o(.ARM.Collect$$libshutdown$$0000000F) for __rt_lib_shutdown_heap_1
    libshutdown.o(.ARM.Collect$$libshutdown$$00000000) refers (Special) to libshutdown2.o(.ARM.Collect$$libshutdown$$00000010) for __rt_lib_shutdown_return
    libshutdown.o(.ARM.Collect$$libshutdown$$00000000) refers (Special) to libshutdown2.o(.ARM.Collect$$libshutdown$$0000000A) for __rt_lib_shutdown_signal_1
    libshutdown.o(.ARM.Collect$$libshutdown$$00000000) refers (Special) to libshutdown2.o(.ARM.Collect$$libshutdown$$00000004) for __rt_lib_shutdown_stdio_1
    libshutdown.o(.ARM.Collect$$libshutdown$$00000000) refers (Special) to libshutdown2.o(.ARM.Collect$$libshutdown$$0000000C) for __rt_lib_shutdown_user_alloc_1
    sys_command.o(.text) refers (Special) to use_no_semi.o(.text) for __I$use$semihosting
    sys_command.o(.text) refers (Special) to indicate_semi.o(.text) for __semihosting_library_function
    defsig_rtmem_outer.o(.text) refers to defsig_rtmem_inner.o(.text) for __rt_SIGRTMEM_inner
    defsig_rtmem_outer.o(.text) refers to defsig_exit.o(.text) for __sig_exit
    defsig_rtmem_formal.o(.text) refers to rt_raise.o(.text) for __rt_raise
    rt_raise.o(.text) refers to __raise.o(.text) for __raise
    rt_raise.o(.text) refers to sys_exit.o(.text) for _sys_exit
    defsig_exit.o(.text) refers to sys_exit.o(.text) for _sys_exit
    defsig_rtmem_inner.o(.text) refers to defsig_general.o(.text) for __default_signal_display
    __raise.o(.text) refers to defsig.o(CL$$defsig) for __default_signal_handler
    defsig_general.o(.text) refers to sys_wrch.o(.text) for _ttywrch
    sys_wrch.o(.text) refers (Special) to use_no_semi.o(.text) for __I$use$semihosting
    sys_wrch.o(.text) refers (Special) to indicate_semi.o(.text) for __semihosting_library_function
    defsig.o(CL$$defsig) refers to defsig_rtmem_inner.o(.text) for __rt_SIGRTMEM_inner
    defsig_abrt_inner.o(.text) refers to defsig_general.o(.text) for __default_signal_display
    defsig_fpe_inner.o(.text) refers to defsig_general.o(.text) for __default_signal_display
    defsig_rtred_inner.o(.text) refers to defsig_general.o(.text) for __default_signal_display
    defsig_stak_inner.o(.text) refers to defsig_general.o(.text) for __default_signal_display
    defsig_pvfn_inner.o(.text) refers to defsig_general.o(.text) for __default_signal_display
    defsig_cppl_inner.o(.text) refers to defsig_general.o(.text) for __default_signal_display
    defsig_segv_inner.o(.text) refers to defsig_general.o(.text) for __default_signal_display
    defsig_other.o(.text) refers to defsig_general.o(.text) for __default_signal_display


==============================================================================

Removing Unused input sections from the image.

    Removing systimer.o(.rev16_text), (4 bytes).
    Removing systimer.o(.revsh_text), (4 bytes).
    Removing systimer.o(.rrx_text), (6 bytes).
    Removing main.o(.rev16_text), (4 bytes).
    Removing main.o(.revsh_text), (4 bytes).
    Removing main.o(.rrx_text), (6 bytes).
    Removing adc.o(.rev16_text), (4 bytes).
    Removing adc.o(.revsh_text), (4 bytes).
    Removing adc.o(.rrx_text), (6 bytes).
    Removing adc.o(i.ADC_Common_Configuration), (112 bytes).
    Removing adc.o(i.ADC_Init), (192 bytes).
    Removing adc.o(i.ADC_Pin_Init), (56 bytes).
    Removing adc.o(i.ADC_Wakeup), (56 bytes).
    Removing lcd.o(.rev16_text), (4 bytes).
    Removing lcd.o(.revsh_text), (4 bytes).
    Removing lcd.o(.rrx_text), (6 bytes).
    Removing lcd.o(i.LCD_DisplayName), (108 bytes).

17 unused section(s) (total 580 bytes) removed from the image.

==============================================================================

Image Symbol Table

    Local Symbols

    Symbol Name                              Value     Ov Type        Size  Object(Section)

    ../clib/angel/boardlib.s                 0x00000000   Number         0  boardshut.o ABSOLUTE
    ../clib/angel/boardlib.s                 0x00000000   Number         0  boardinit1.o ABSOLUTE
    ../clib/angel/boardlib.s                 0x00000000   Number         0  boardinit2.o ABSOLUTE
    ../clib/angel/boardlib.s                 0x00000000   Number         0  boardinit3.o ABSOLUTE
    ../clib/angel/handlers.s                 0x00000000   Number         0  __scatter_zi.o ABSOLUTE
    ../clib/angel/handlers.s                 0x00000000   Number         0  __scatter_copy.o ABSOLUTE
    ../clib/angel/kernel.s                   0x00000000   Number         0  __rtentry4.o ABSOLUTE
    ../clib/angel/kernel.s                   0x00000000   Number         0  __rtentry.o ABSOLUTE
    ../clib/angel/kernel.s                   0x00000000   Number         0  __rtentry2.o ABSOLUTE
    ../clib/angel/kernel.s                   0x00000000   Number         0  rtexit.o ABSOLUTE
    ../clib/angel/kernel.s                   0x00000000   Number         0  rtexit2.o ABSOLUTE
    ../clib/angel/rt.s                       0x00000000   Number         0  rt_raise.o ABSOLUTE
    ../clib/angel/scatter.s                  0x00000000   Number         0  __scatter.o ABSOLUTE
    ../clib/angel/startup.s                  0x00000000   Number         0  __main.o ABSOLUTE
    ../clib/angel/sys.s                      0x00000000   Number         0  libspace.o ABSOLUTE
    ../clib/angel/sys.s                      0x00000000   Number         0  use_no_semi.o ABSOLUTE
    ../clib/angel/sys.s                      0x00000000   Number         0  indicate_semi.o ABSOLUTE
    ../clib/angel/sys.s                      0x00000000   Number         0  sys_stackheap_outer.o ABSOLUTE
    ../clib/angel/sysapp.c                   0x00000000   Number         0  sys_exit.o ABSOLUTE
    ../clib/angel/sysapp.c                   0x00000000   Number         0  sys_command.o ABSOLUTE
    ../clib/angel/sysapp.c                   0x00000000   Number         0  sys_wrch.o ABSOLUTE
    ../clib/armsys.c                         0x00000000   Number         0  no_argv.o ABSOLUTE
    ../clib/armsys.c                         0x00000000   Number         0  argv_veneer.o ABSOLUTE
    ../clib/armsys.c                         0x00000000   Number         0  argv_veneer.o ABSOLUTE
    ../clib/armsys.c                         0x00000000   Number         0  _get_argv_nomalloc.o ABSOLUTE
    ../clib/heapalloc.c                      0x00000000   Number         0  hrguard.o ABSOLUTE
    ../clib/heapaux.c                        0x00000000   Number         0  heapauxi.o ABSOLUTE
    ../clib/libinit.s                        0x00000000   Number         0  libshutdown.o ABSOLUTE
    ../clib/libinit.s                        0x00000000   Number         0  libinit.o ABSOLUTE
    ../clib/libinit.s                        0x00000000   Number         0  libshutdown2.o ABSOLUTE
    ../clib/libinit.s                        0x00000000   Number         0  libinit2.o ABSOLUTE
    ../clib/memcpset.s                       0x00000000   Number         0  rt_memcpy_w.o ABSOLUTE
    ../clib/signal.c                         0x00000000   Number         0  defsig_other.o ABSOLUTE
    ../clib/signal.c                         0x00000000   Number         0  defsig_segv_inner.o ABSOLUTE
    ../clib/signal.c                         0x00000000   Number         0  defsig_cppl_inner.o ABSOLUTE
    ../clib/signal.c                         0x00000000   Number         0  defsig_pvfn_inner.o ABSOLUTE
    ../clib/signal.c                         0x00000000   Number         0  defsig_stak_inner.o ABSOLUTE
    ../clib/signal.c                         0x00000000   Number         0  defsig_rtred_inner.o ABSOLUTE
    ../clib/signal.c                         0x00000000   Number         0  defsig_fpe_inner.o ABSOLUTE
    ../clib/signal.c                         0x00000000   Number         0  defsig_abrt_inner.o ABSOLUTE
    ../clib/signal.c                         0x00000000   Number         0  defsig_general.o ABSOLUTE
    ../clib/signal.c                         0x00000000   Number         0  __raise.o ABSOLUTE
    ../clib/signal.c                         0x00000000   Number         0  defsig_rtmem_inner.o ABSOLUTE
    ../clib/signal.c                         0x00000000   Number         0  defsig_exit.o ABSOLUTE
    ../clib/signal.c                         0x00000000   Number         0  defsig_rtmem_formal.o ABSOLUTE
    ../clib/signal.c                         0x00000000   Number         0  defsig_rtmem_outer.o ABSOLUTE
    ../clib/signal.s                         0x00000000   Number         0  defsig.o ABSOLUTE
    ../clib/stdlib.c                         0x00000000   Number         0  exit.o ABSOLUTE
    ../fplib/fpinit.s                        0x00000000   Number         0  fpinit.o ABSOLUTE
    ..\..\..\Distance Maze\ADC.c             0x00000000   Number         0  adc.o ABSOLUTE
    ..\..\..\Distance Maze\LCD.c             0x00000000   Number         0  lcd.o ABSOLUTE
    ..\\..\\..\\Distance Maze\\ADC.c         0x00000000   Number         0  adc.o ABSOLUTE
    ..\\..\\..\\Distance Maze\\LCD.c         0x00000000   Number         0  lcd.o ABSOLUTE
    SysTimer.c                               0x00000000   Number         0  systimer.o ABSOLUTE
    SysTimer.c                               0x00000000   Number         0  systimer.o ABSOLUTE
    dc.s                                     0x00000000   Number         0  dc.o ABSOLUTE
    main.c                                   0x00000000   Number         0  main.o ABSOLUTE
    main.c                                   0x00000000   Number         0  main.o ABSOLUTE
    startup_stm32l476xx.s                    0x00000000   Number         0  startup_stm32l476xx.o ABSOLUTE
    RESET                                    0x08000000   Section      392  startup_stm32l476xx.o(RESET)
    !!!main                                  0x08000188   Section        8  __main.o(!!!main)
    !!!scatter                               0x08000190   Section       52  __scatter.o(!!!scatter)
    !!handler_copy                           0x080001c4   Section       26  __scatter_copy.o(!!handler_copy)
    !!handler_zi                             0x080001e0   Section       28  __scatter_zi.o(!!handler_zi)
    .ARM.Collect$$libinit$$00000000          0x080001fc   Section        2  libinit.o(.ARM.Collect$$libinit$$00000000)
    .ARM.Collect$$libinit$$00000001          0x080001fe   Section        4  libinit2.o(.ARM.Collect$$libinit$$00000001)
    .ARM.Collect$$libinit$$00000004          0x08000202   Section        0  libinit2.o(.ARM.Collect$$libinit$$00000004)
    .ARM.Collect$$libinit$$0000000A          0x08000202   Section        0  libinit2.o(.ARM.Collect$$libinit$$0000000A)
    .ARM.Collect$$libinit$$0000000C          0x08000202   Section        0  libinit2.o(.ARM.Collect$$libinit$$0000000C)
    .ARM.Collect$$libinit$$0000000E          0x08000202   Section        0  libinit2.o(.ARM.Collect$$libinit$$0000000E)
    .ARM.Collect$$libinit$$00000011          0x08000202   Section        0  libinit2.o(.ARM.Collect$$libinit$$00000011)
    .ARM.Collect$$libinit$$00000013          0x08000202   Section        0  libinit2.o(.ARM.Collect$$libinit$$00000013)
    .ARM.Collect$$libinit$$00000015          0x08000202   Section        0  libinit2.o(.ARM.Collect$$libinit$$00000015)
    .ARM.Collect$$libinit$$00000017          0x08000202   Section        0  libinit2.o(.ARM.Collect$$libinit$$00000017)
    .ARM.Collect$$libinit$$00000019          0x08000202   Section        0  libinit2.o(.ARM.Collect$$libinit$$00000019)
    .ARM.Collect$$libinit$$0000001B          0x08000202   Section        0  libinit2.o(.ARM.Collect$$libinit$$0000001B)
    .ARM.Collect$$libinit$$0000001D          0x08000202   Section        0  libinit2.o(.ARM.Collect$$libinit$$0000001D)
    .ARM.Collect$$libinit$$0000001F          0x08000202   Section        0  libinit2.o(.ARM.Collect$$libinit$$0000001F)
    .ARM.Collect$$libinit$$00000021          0x08000202   Section        0  libinit2.o(.ARM.Collect$$libinit$$00000021)
    .ARM.Collect$$libinit$$00000023          0x08000202   Section        0  libinit2.o(.ARM.Collect$$libinit$$00000023)
    .ARM.Collect$$libinit$$00000025          0x08000202   Section        0  libinit2.o(.ARM.Collect$$libinit$$00000025)
    .ARM.Collect$$libinit$$0000002C          0x08000202   Section        0  libinit2.o(.ARM.Collect$$libinit$$0000002C)
    .ARM.Collect$$libinit$$0000002E          0x08000202   Section        0  libinit2.o(.ARM.Collect$$libinit$$0000002E)
    .ARM.Collect$$libinit$$00000030          0x08000202   Section        0  libinit2.o(.ARM.Collect$$libinit$$00000030)
    .ARM.Collect$$libinit$$00000032          0x08000202   Section        0  libinit2.o(.ARM.Collect$$libinit$$00000032)
    .ARM.Collect$$libinit$$00000033          0x08000202   Section        2  libinit2.o(.ARM.Collect$$libinit$$00000033)
    .ARM.Collect$$libshutdown$$00000000      0x08000204   Section        2  libshutdown.o(.ARM.Collect$$libshutdown$$00000000)
    .ARM.Collect$$libshutdown$$00000002      0x08000206   Section        0  libshutdown2.o(.ARM.Collect$$libshutdown$$00000002)
    .ARM.Collect$$libshutdown$$00000004      0x08000206   Section        0  libshutdown2.o(.ARM.Collect$$libshutdown$$00000004)
    .ARM.Collect$$libshutdown$$00000007      0x08000206   Section        0  libshutdown2.o(.ARM.Collect$$libshutdown$$00000007)
    .ARM.Collect$$libshutdown$$0000000A      0x08000206   Section        0  libshutdown2.o(.ARM.Collect$$libshutdown$$0000000A)
    .ARM.Collect$$libshutdown$$0000000C      0x08000206   Section        0  libshutdown2.o(.ARM.Collect$$libshutdown$$0000000C)
    .ARM.Collect$$libshutdown$$0000000F      0x08000206   Section        0  libshutdown2.o(.ARM.Collect$$libshutdown$$0000000F)
    .ARM.Collect$$libshutdown$$00000010      0x08000206   Section        2  libshutdown2.o(.ARM.Collect$$libshutdown$$00000010)
    .ARM.Collect$$rtentry$$00000000          0x08000208   Section        0  __rtentry.o(.ARM.Collect$$rtentry$$00000000)
    .ARM.Collect$$rtentry$$00000002          0x08000208   Section        0  __rtentry2.o(.ARM.Collect$$rtentry$$00000002)
    .ARM.Collect$$rtentry$$00000004          0x08000208   Section        6  __rtentry4.o(.ARM.Collect$$rtentry$$00000004)
    .ARM.Collect$$rtentry$$00000009          0x0800020e   Section        0  __rtentry2.o(.ARM.Collect$$rtentry$$00000009)
    .ARM.Collect$$rtentry$$0000000A          0x0800020e   Section        4  __rtentry2.o(.ARM.Collect$$rtentry$$0000000A)
    .ARM.Collect$$rtentry$$0000000C          0x08000212   Section        0  __rtentry2.o(.ARM.Collect$$rtentry$$0000000C)
    .ARM.Collect$$rtentry$$0000000D          0x08000212   Section        8  __rtentry2.o(.ARM.Collect$$rtentry$$0000000D)
    .ARM.Collect$$rtexit$$00000000           0x0800021a   Section        2  rtexit.o(.ARM.Collect$$rtexit$$00000000)
    .ARM.Collect$$rtexit$$00000002           0x0800021c   Section        0  rtexit2.o(.ARM.Collect$$rtexit$$00000002)
    .ARM.Collect$$rtexit$$00000003           0x0800021c   Section        4  rtexit2.o(.ARM.Collect$$rtexit$$00000003)
    .ARM.Collect$$rtexit$$00000004           0x08000220   Section        6  rtexit2.o(.ARM.Collect$$rtexit$$00000004)
    .text                                    0x08000228   Section      132  startup_stm32l476xx.o(.text)
    $v0                                      0x08000228   Number         0  startup_stm32l476xx.o(.text)
    .text                                    0x080002ac   Section      100  rt_memcpy_w.o(.text)
    .text                                    0x08000310   Section        0  heapauxi.o(.text)
    .text                                    0x08000316   Section       74  sys_stackheap_outer.o(.text)
    .text                                    0x08000360   Section        0  exit.o(.text)
    .text                                    0x08000374   Section        8  libspace.o(.text)
    .text                                    0x0800037c   Section        0  sys_exit.o(.text)
    .text                                    0x08000388   Section        2  use_no_semi.o(.text)
    .text                                    0x0800038a   Section        0  indicate_semi.o(.text)
    i.ADC1_2_IRQHandler                      0x0800038c   Section        0  adc.o(i.ADC1_2_IRQHandler)
    i.LCD_Clear                              0x080003e0   Section        0  lcd.o(i.LCD_Clear)
    i.LCD_Clock_Init                         0x08000418   Section        0  lcd.o(i.LCD_Clock_Init)
    i.LCD_Configure                          0x080004e0   Section        0  lcd.o(i.LCD_Configure)
    i.LCD_Conv_Char_Seg                      0x080005e0   Section        0  lcd.o(i.LCD_Conv_Char_Seg)
    LCD_Conv_Char_Seg                        0x080005e1   Thumb Code   304  lcd.o(i.LCD_Conv_Char_Seg)
    i.LCD_DisplayString                      0x08000718   Section        0  lcd.o(i.LCD_DisplayString)
    i.LCD_Initialization                     0x08000774   Section        0  lcd.o(i.LCD_Initialization)
    i.LCD_PIN_Init                           0x08000788   Section        0  lcd.o(i.LCD_PIN_Init)
    i.LCD_WriteChar                          0x0800093c   Section        0  lcd.o(i.LCD_WriteChar)
    i.LCD_bar                                0x080010e0   Section        0  lcd.o(i.LCD_bar)
    i.Motor_Init_Left                        0x0800118c   Section        0  main.o(i.Motor_Init_Left)
    i.Motor_Init_Right                       0x08001228   Section        0  main.o(i.Motor_Init_Right)
    i.Pin_High_LeftWheel                     0x080012a8   Section        0  main.o(i.Pin_High_LeftWheel)
    i.Pin_High_RightWheel                    0x080012b8   Section        0  main.o(i.Pin_High_RightWheel)
    i.Pin_Low_LeftWheel                      0x080012c8   Section        0  main.o(i.Pin_Low_LeftWheel)
    i.Pin_Low_RightWheel                     0x080012d8   Section        0  main.o(i.Pin_Low_RightWheel)
    i.StepMotor_1                            0x080012e8   Section        0  main.o(i.StepMotor_1)
    i.StepMotor_2                            0x08001404   Section        0  main.o(i.StepMotor_2)
    i.SysTick_Handler                        0x08001520   Section        0  systimer.o(i.SysTick_Handler)
    i.SysTick_Init                           0x08001530   Section        0  systimer.o(i.SysTick_Init)
    i.System_Clock_Init                      0x080015b4   Section        0  main.o(i.System_Clock_Init)
    i.coil_m1_left                           0x0800160c   Section        0  main.o(i.coil_m1_left)
    i.coil_m1_right                          0x08001644   Section        0  main.o(i.coil_m1_right)
    i.delay                                  0x0800167c   Section        0  systimer.o(i.delay)
    i.delay1                                 0x08001698   Section        0  main.o(i.delay1)
    i.main                                   0x080016a4   Section        0  main.o(i.main)
    i.refsensor1                             0x08001728   Section        0  main.o(i.refsensor1)
    i.refsensor2                             0x080017c0   Section        0  main.o(i.refsensor2)
    i.refsensor3                             0x08001858   Section        0  main.o(i.refsensor3)
    i.refsensor4                             0x080018f0   Section        0  main.o(i.refsensor4)
    i.refsensor_init                         0x08001988   Section        0  main.o(i.refsensor_init)
    x$fpl$fpinit                             0x080019ac   Section       10  fpinit.o(x$fpl$fpinit)
    $v0                                      0x080019ac   Number         0  fpinit.o(x$fpl$fpinit)
    .constdata                               0x080019b8   Section       40  main.o(.constdata)
    .constdata                               0x080019e0   Section       72  lcd.o(.constdata)
    .data                                    0x20000000   Section        4  systimer.o(.data)
    .data                                    0x20000008   Section       36  main.o(.data)
    .data                                    0x2000002c   Section        2  lcd.o(.data)
    .bss                                     0x20000030   Section       96  libspace.o(.bss)
    HEAP                                     0x20000090   Section      512  startup_stm32l476xx.o(HEAP)
    Heap_Mem                                 0x20000090   Data         512  startup_stm32l476xx.o(HEAP)
    STACK                                    0x20000290   Section     1024  startup_stm32l476xx.o(STACK)
    Stack_Mem                                0x20000290   Data        1024  startup_stm32l476xx.o(STACK)
    __initial_sp                             0x20000690   Data           0  startup_stm32l476xx.o(STACK)

    Global Symbols

    Symbol Name                              Value     Ov Type        Size  Object(Section)

    BuildAttributes$$THM_ISAv4$E$P$D$K$B$S$7EM$VFPi3$EXTD16$VFPS$VFMA$PE$A:L22UL41UL21$X:L11$S22US41US21$IEEE1$IW$USESV6$~STKCKD$USESV7$~SHL$OSPACE$ROPI$EBA8$UX$STANDARDLIB$REQ8$PRES8$EABIv2 0x00000000   Number         0  anon$$obj.o ABSOLUTE
    Image$$ER_IROM1$$RW$$Length              0x00000000   Number         0  anon$$obj.o ABSOLUTE
    Image$$ER_IROM1$$ZI$$Length              0x00000000   Number         0  anon$$obj.o ABSOLUTE
    Image$$RW_IRAM1$$RO$$Length              0x00000000   Number         0  anon$$obj.o ABSOLUTE
    __ARM_use_no_argv                        0x00000000   Number         0  main.o ABSOLUTE
    __ARM_exceptions_init                     - Undefined Weak Reference
    __alloca_initialize                       - Undefined Weak Reference
    __arm_preinit_                            - Undefined Weak Reference
    __cpp_initialize__aeabi_                  - Undefined Weak Reference
    __cxa_finalize                            - Undefined Weak Reference
    __rt_locale                               - Undefined Weak Reference
    __sigvec_lookup                           - Undefined Weak Reference
    _atexit_init                              - Undefined Weak Reference
    _call_atexit_fns                          - Undefined Weak Reference
    _clock_init                               - Undefined Weak Reference
    _fp_trap_init                             - Undefined Weak Reference
    _fp_trap_shutdown                         - Undefined Weak Reference
    _get_lc_collate                           - Undefined Weak Reference
    _get_lc_ctype                             - Undefined Weak Reference
    _get_lc_monetary                          - Undefined Weak Reference
    _get_lc_numeric                           - Undefined Weak Reference
    _get_lc_time                              - Undefined Weak Reference
    _getenv_init                              - Undefined Weak Reference
    _handle_redirection                       - Undefined Weak Reference
    _init_alloc                               - Undefined Weak Reference
    _init_user_alloc                          - Undefined Weak Reference
    _initio                                   - Undefined Weak Reference
    _rand_init                                - Undefined Weak Reference
    _signal_finish                            - Undefined Weak Reference
    _signal_init                              - Undefined Weak Reference
    _terminate_alloc                          - Undefined Weak Reference
    _terminate_user_alloc                     - Undefined Weak Reference
    _terminateio                              - Undefined Weak Reference
    Image$$RW_IRAM1$$Length                  0x00000030   Number         0  anon$$obj.o ABSOLUTE
    Image$$RW_IRAM1$$RW$$Length              0x00000030   Number         0  anon$$obj.o ABSOLUTE
    __Vectors_Size                           0x00000188   Number         0  startup_stm32l476xx.o ABSOLUTE
    Image$$RW_IRAM1$$ZI$$Length              0x00000660   Number         0  anon$$obj.o ABSOLUTE
    Image$$ER_IROM1$$RO$$Length              0x00001a48   Number         0  anon$$obj.o ABSOLUTE
    Image$$ER_IROM1$$RO$$Base                0x08000000   Number         0  anon$$obj.o ABSOLUTE
    Load$$ER_IROM1$$Base                     0x08000000   Number         0  anon$$obj.o ABSOLUTE
    __Vectors                                0x08000000   Data           4  startup_stm32l476xx.o(RESET)
    __Vectors_End                            0x08000188   Data           0  startup_stm32l476xx.o(RESET)
    __main                                   0x08000189   Thumb Code     8  __main.o(!!!main)
    __scatterload                            0x08000191   Thumb Code     0  __scatter.o(!!!scatter)
    __scatterload_rt2                        0x08000191   Thumb Code    44  __scatter.o(!!!scatter)
    __scatterload_rt2_thumb_only             0x08000191   Thumb Code     0  __scatter.o(!!!scatter)
    __scatterload_null                       0x0800019f   Thumb Code     0  __scatter.o(!!!scatter)
    __scatterload_copy                       0x080001c5   Thumb Code    26  __scatter_copy.o(!!handler_copy)
    __scatterload_zeroinit                   0x080001e1   Thumb Code    28  __scatter_zi.o(!!handler_zi)
    __rt_lib_init                            0x080001fd   Thumb Code     0  libinit.o(.ARM.Collect$$libinit$$00000000)
    __rt_lib_init_fp_1                       0x080001ff   Thumb Code     0  libinit2.o(.ARM.Collect$$libinit$$00000001)
    __rt_lib_init_alloca_1                   0x08000203   Thumb Code     0  libinit2.o(.ARM.Collect$$libinit$$0000002E)
    __rt_lib_init_argv_1                     0x08000203   Thumb Code     0  libinit2.o(.ARM.Collect$$libinit$$0000002C)
    __rt_lib_init_atexit_1                   0x08000203   Thumb Code     0  libinit2.o(.ARM.Collect$$libinit$$0000001B)
    __rt_lib_init_clock_1                    0x08000203   Thumb Code     0  libinit2.o(.ARM.Collect$$libinit$$00000021)
    __rt_lib_init_cpp_1                      0x08000203   Thumb Code     0  libinit2.o(.ARM.Collect$$libinit$$00000032)
    __rt_lib_init_exceptions_1               0x08000203   Thumb Code     0  libinit2.o(.ARM.Collect$$libinit$$00000030)
    __rt_lib_init_fp_trap_1                  0x08000203   Thumb Code     0  libinit2.o(.ARM.Collect$$libinit$$0000001F)
    __rt_lib_init_getenv_1                   0x08000203   Thumb Code     0  libinit2.o(.ARM.Collect$$libinit$$00000023)
    __rt_lib_init_heap_1                     0x08000203   Thumb Code     0  libinit2.o(.ARM.Collect$$libinit$$0000000A)
    __rt_lib_init_lc_collate_1               0x08000203   Thumb Code     0  libinit2.o(.ARM.Collect$$libinit$$00000011)
    __rt_lib_init_lc_ctype_1                 0x08000203   Thumb Code     0  libinit2.o(.ARM.Collect$$libinit$$00000013)
    __rt_lib_init_lc_monetary_1              0x08000203   Thumb Code     0  libinit2.o(.ARM.Collect$$libinit$$00000015)
    __rt_lib_init_lc_numeric_1               0x08000203   Thumb Code     0  libinit2.o(.ARM.Collect$$libinit$$00000017)
    __rt_lib_init_lc_time_1                  0x08000203   Thumb Code     0  libinit2.o(.ARM.Collect$$libinit$$00000019)
    __rt_lib_init_preinit_1                  0x08000203   Thumb Code     0  libinit2.o(.ARM.Collect$$libinit$$00000004)
    __rt_lib_init_rand_1                     0x08000203   Thumb Code     0  libinit2.o(.ARM.Collect$$libinit$$0000000E)
    __rt_lib_init_return                     0x08000203   Thumb Code     0  libinit2.o(.ARM.Collect$$libinit$$00000033)
    __rt_lib_init_signal_1                   0x08000203   Thumb Code     0  libinit2.o(.ARM.Collect$$libinit$$0000001D)
    __rt_lib_init_stdio_1                    0x08000203   Thumb Code     0  libinit2.o(.ARM.Collect$$libinit$$00000025)
    __rt_lib_init_user_alloc_1               0x08000203   Thumb Code     0  libinit2.o(.ARM.Collect$$libinit$$0000000C)
    __rt_lib_shutdown                        0x08000205   Thumb Code     0  libshutdown.o(.ARM.Collect$$libshutdown$$00000000)
    __rt_lib_shutdown_cpp_1                  0x08000207   Thumb Code     0  libshutdown2.o(.ARM.Collect$$libshutdown$$00000002)
    __rt_lib_shutdown_fp_trap_1              0x08000207   Thumb Code     0  libshutdown2.o(.ARM.Collect$$libshutdown$$00000007)
    __rt_lib_shutdown_heap_1                 0x08000207   Thumb Code     0  libshutdown2.o(.ARM.Collect$$libshutdown$$0000000F)
    __rt_lib_shutdown_return                 0x08000207   Thumb Code     0  libshutdown2.o(.ARM.Collect$$libshutdown$$00000010)
    __rt_lib_shutdown_signal_1               0x08000207   Thumb Code     0  libshutdown2.o(.ARM.Collect$$libshutdown$$0000000A)
    __rt_lib_shutdown_stdio_1                0x08000207   Thumb Code     0  libshutdown2.o(.ARM.Collect$$libshutdown$$00000004)
    __rt_lib_shutdown_user_alloc_1           0x08000207   Thumb Code     0  libshutdown2.o(.ARM.Collect$$libshutdown$$0000000C)
    __rt_entry                               0x08000209   Thumb Code     0  __rtentry.o(.ARM.Collect$$rtentry$$00000000)
    __rt_entry_presh_1                       0x08000209   Thumb Code     0  __rtentry2.o(.ARM.Collect$$rtentry$$00000002)
    __rt_entry_sh                            0x08000209   Thumb Code     0  __rtentry4.o(.ARM.Collect$$rtentry$$00000004)
    __rt_entry_li                            0x0800020f   Thumb Code     0  __rtentry2.o(.ARM.Collect$$rtentry$$0000000A)
    __rt_entry_postsh_1                      0x0800020f   Thumb Code     0  __rtentry2.o(.ARM.Collect$$rtentry$$00000009)
    __rt_entry_main                          0x08000213   Thumb Code     0  __rtentry2.o(.ARM.Collect$$rtentry$$0000000D)
    __rt_entry_postli_1                      0x08000213   Thumb Code     0  __rtentry2.o(.ARM.Collect$$rtentry$$0000000C)
    __rt_exit                                0x0800021b   Thumb Code     0  rtexit.o(.ARM.Collect$$rtexit$$00000000)
    __rt_exit_ls                             0x0800021d   Thumb Code     0  rtexit2.o(.ARM.Collect$$rtexit$$00000003)
    __rt_exit_prels_1                        0x0800021d   Thumb Code     0  rtexit2.o(.ARM.Collect$$rtexit$$00000002)
    __rt_exit_exit                           0x08000221   Thumb Code     0  rtexit2.o(.ARM.Collect$$rtexit$$00000004)
    Reset_Handler                            0x08000229   Thumb Code    60  startup_stm32l476xx.o(.text)
    NMI_Handler                              0x08000265   Thumb Code     2  startup_stm32l476xx.o(.text)
    HardFault_Handler                        0x08000267   Thumb Code     2  startup_stm32l476xx.o(.text)
    MemManage_Handler                        0x08000269   Thumb Code     2  startup_stm32l476xx.o(.text)
    BusFault_Handler                         0x0800026b   Thumb Code     2  startup_stm32l476xx.o(.text)
    UsageFault_Handler                       0x0800026d   Thumb Code     2  startup_stm32l476xx.o(.text)
    SVC_Handler                              0x0800026f   Thumb Code     2  startup_stm32l476xx.o(.text)
    DebugMon_Handler                         0x08000271   Thumb Code     2  startup_stm32l476xx.o(.text)
    PendSV_Handler                           0x08000273   Thumb Code     2  startup_stm32l476xx.o(.text)
    ADC3_IRQHandler                          0x08000277   Thumb Code     0  startup_stm32l476xx.o(.text)
    CAN1_RX0_IRQHandler                      0x08000277   Thumb Code     0  startup_stm32l476xx.o(.text)
    CAN1_RX1_IRQHandler                      0x08000277   Thumb Code     0  startup_stm32l476xx.o(.text)
    CAN1_SCE_IRQHandler                      0x08000277   Thumb Code     0  startup_stm32l476xx.o(.text)
    CAN1_TX_IRQHandler                       0x08000277   Thumb Code     0  startup_stm32l476xx.o(.text)
    COMP_IRQHandler                          0x08000277   Thumb Code     0  startup_stm32l476xx.o(.text)
    DFSDM0_IRQHandler                        0x08000277   Thumb Code     0  startup_stm32l476xx.o(.text)
    DFSDM1_IRQHandler                        0x08000277   Thumb Code     0  startup_stm32l476xx.o(.text)
    DFSDM2_IRQHandler                        0x08000277   Thumb Code     0  startup_stm32l476xx.o(.text)
    DFSDM3_IRQHandler                        0x08000277   Thumb Code     0  startup_stm32l476xx.o(.text)
    DMA1_Channel1_IRQHandler                 0x08000277   Thumb Code     0  startup_stm32l476xx.o(.text)
    DMA1_Channel2_IRQHandler                 0x08000277   Thumb Code     0  startup_stm32l476xx.o(.text)
    DMA1_Channel3_IRQHandler                 0x08000277   Thumb Code     0  startup_stm32l476xx.o(.text)
    DMA1_Channel4_IRQHandler                 0x08000277   Thumb Code     0  startup_stm32l476xx.o(.text)
    DMA1_Channel5_IRQHandler                 0x08000277   Thumb Code     0  startup_stm32l476xx.o(.text)
    DMA1_Channel6_IRQHandler                 0x08000277   Thumb Code     0  startup_stm32l476xx.o(.text)
    DMA1_Channel7_IRQHandler                 0x08000277   Thumb Code     0  startup_stm32l476xx.o(.text)
    DMA2_Channel1_IRQHandler                 0x08000277   Thumb Code     0  startup_stm32l476xx.o(.text)
    DMA2_Channel2_IRQHandler                 0x08000277   Thumb Code     0  startup_stm32l476xx.o(.text)
    DMA2_Channel3_IRQHandler                 0x08000277   Thumb Code     0  startup_stm32l476xx.o(.text)
    DMA2_Channel4_IRQHandler                 0x08000277   Thumb Code     0  startup_stm32l476xx.o(.text)
    DMA2_Channel5_IRQHandler                 0x08000277   Thumb Code     0  startup_stm32l476xx.o(.text)
    DMA2_Channel6_IRQHandler                 0x08000277   Thumb Code     0  startup_stm32l476xx.o(.text)
    DMA2_Channel7_IRQHandler                 0x08000277   Thumb Code     0  startup_stm32l476xx.o(.text)
    EXTI0_IRQHandler                         0x08000277   Thumb Code     0  startup_stm32l476xx.o(.text)
    EXTI15_10_IRQHandler                     0x08000277   Thumb Code     0  startup_stm32l476xx.o(.text)
    EXTI1_IRQHandler                         0x08000277   Thumb Code     0  startup_stm32l476xx.o(.text)
    EXTI2_IRQHandler                         0x08000277   Thumb Code     0  startup_stm32l476xx.o(.text)
    EXTI3_IRQHandler                         0x08000277   Thumb Code     0  startup_stm32l476xx.o(.text)
    EXTI4_IRQHandler                         0x08000277   Thumb Code     0  startup_stm32l476xx.o(.text)
    EXTI9_5_IRQHandler                       0x08000277   Thumb Code     0  startup_stm32l476xx.o(.text)
    FLASH_IRQHandler                         0x08000277   Thumb Code     0  startup_stm32l476xx.o(.text)
    FMC_IRQHandler                           0x08000277   Thumb Code     0  startup_stm32l476xx.o(.text)
    FPU_IRQHandler                           0x08000277   Thumb Code     0  startup_stm32l476xx.o(.text)
    I2C1_ER_IRQHandler                       0x08000277   Thumb Code     0  startup_stm32l476xx.o(.text)
    I2C1_EV_IRQHandler                       0x08000277   Thumb Code     0  startup_stm32l476xx.o(.text)
    I2C2_ER_IRQHandler                       0x08000277   Thumb Code     0  startup_stm32l476xx.o(.text)
    I2C2_EV_IRQHandler                       0x08000277   Thumb Code     0  startup_stm32l476xx.o(.text)
    I2C3_ER_IRQHandler                       0x08000277   Thumb Code     0  startup_stm32l476xx.o(.text)
    I2C3_EV_IRQHandler                       0x08000277   Thumb Code     0  startup_stm32l476xx.o(.text)
    LCD_IRQHandler                           0x08000277   Thumb Code     0  startup_stm32l476xx.o(.text)
    LPTIM1_IRQHandler                        0x08000277   Thumb Code     0  startup_stm32l476xx.o(.text)
    LPTIM2_IRQHandler                        0x08000277   Thumb Code     0  startup_stm32l476xx.o(.text)
    LPUART1_IRQHandler                       0x08000277   Thumb Code     0  startup_stm32l476xx.o(.text)
    OTG_FS_IRQHandler                        0x08000277   Thumb Code     0  startup_stm32l476xx.o(.text)
    PVD_PVM_IRQHandler                       0x08000277   Thumb Code     0  startup_stm32l476xx.o(.text)
    QUADSPI_IRQHandler                       0x08000277   Thumb Code     0  startup_stm32l476xx.o(.text)
    RCC_IRQHandler                           0x08000277   Thumb Code     0  startup_stm32l476xx.o(.text)
    RNG_IRQHandler                           0x08000277   Thumb Code     0  startup_stm32l476xx.o(.text)
    RTC_Alarm_IRQHandler                     0x08000277   Thumb Code     0  startup_stm32l476xx.o(.text)
    RTC_WKUP_IRQHandler                      0x08000277   Thumb Code     0  startup_stm32l476xx.o(.text)
    SAI1_IRQHandler                          0x08000277   Thumb Code     0  startup_stm32l476xx.o(.text)
    SAI2_IRQHandler                          0x08000277   Thumb Code     0  startup_stm32l476xx.o(.text)
    SDMMC1_IRQHandler                        0x08000277   Thumb Code     0  startup_stm32l476xx.o(.text)
    SPI1_IRQHandler                          0x08000277   Thumb Code     0  startup_stm32l476xx.o(.text)
    SPI2_IRQHandler                          0x08000277   Thumb Code     0  startup_stm32l476xx.o(.text)
    SPI3_IRQHandler                          0x08000277   Thumb Code     0  startup_stm32l476xx.o(.text)
    SWPMI1_IRQHandler                        0x08000277   Thumb Code     0  startup_stm32l476xx.o(.text)
    TAMP_STAMP_IRQHandler                    0x08000277   Thumb Code     0  startup_stm32l476xx.o(.text)
    TIM1_BRK_TIM15_IRQHandler                0x08000277   Thumb Code     0  startup_stm32l476xx.o(.text)
    TIM1_CC_IRQHandler                       0x08000277   Thumb Code     0  startup_stm32l476xx.o(.text)
    TIM1_TRG_COM_TIM17_IRQHandler            0x08000277   Thumb Code     0  startup_stm32l476xx.o(.text)
    TIM1_UP_TIM16_IRQHandler                 0x08000277   Thumb Code     0  startup_stm32l476xx.o(.text)
    TIM2_IRQHandler                          0x08000277   Thumb Code     0  startup_stm32l476xx.o(.text)
    TIM3_IRQHandler                          0x08000277   Thumb Code     0  startup_stm32l476xx.o(.text)
    TIM4_IRQHandler                          0x08000277   Thumb Code     0  startup_stm32l476xx.o(.text)
    TIM5_IRQHandler                          0x08000277   Thumb Code     0  startup_stm32l476xx.o(.text)
    TIM6_DAC_IRQHandler                      0x08000277   Thumb Code     0  startup_stm32l476xx.o(.text)
    TIM7_IRQHandler                          0x08000277   Thumb Code     0  startup_stm32l476xx.o(.text)
    TIM8_BRK_IRQHandler                      0x08000277   Thumb Code     0  startup_stm32l476xx.o(.text)
    TIM8_CC_IRQHandler                       0x08000277   Thumb Code     0  startup_stm32l476xx.o(.text)
    TIM8_TRG_COM_IRQHandler                  0x08000277   Thumb Code     0  startup_stm32l476xx.o(.text)
    TIM8_UP_IRQHandler                       0x08000277   Thumb Code     0  startup_stm32l476xx.o(.text)
    TSC_IRQHandler                           0x08000277   Thumb Code     0  startup_stm32l476xx.o(.text)
    UART4_IRQHandler                         0x08000277   Thumb Code     0  startup_stm32l476xx.o(.text)
    UART5_IRQHandler                         0x08000277   Thumb Code     0  startup_stm32l476xx.o(.text)
    USART1_IRQHandler                        0x08000277   Thumb Code     0  startup_stm32l476xx.o(.text)
    USART2_IRQHandler                        0x08000277   Thumb Code     0  startup_stm32l476xx.o(.text)
    USART3_IRQHandler                        0x08000277   Thumb Code     0  startup_stm32l476xx.o(.text)
    WWDG_IRQHandler                          0x08000277   Thumb Code     0  startup_stm32l476xx.o(.text)
    __user_initial_stackheap                 0x08000279   Thumb Code     0  startup_stm32l476xx.o(.text)
    __aeabi_memcpy4                          0x080002ad   Thumb Code     0  rt_memcpy_w.o(.text)
    __aeabi_memcpy8                          0x080002ad   Thumb Code     0  rt_memcpy_w.o(.text)
    __rt_memcpy_w                            0x080002ad   Thumb Code   100  rt_memcpy_w.o(.text)
    _memcpy_lastbytes_aligned                0x080002f5   Thumb Code     0  rt_memcpy_w.o(.text)
    __use_two_region_memory                  0x08000311   Thumb Code     2  heapauxi.o(.text)
    __rt_heap_escrow$2region                 0x08000313   Thumb Code     2  heapauxi.o(.text)
    __rt_heap_expand$2region                 0x08000315   Thumb Code     2  heapauxi.o(.text)
    __user_setup_stackheap                   0x08000317   Thumb Code    74  sys_stackheap_outer.o(.text)
    exit                                     0x08000361   Thumb Code    18  exit.o(.text)
    __user_libspace                          0x08000375   Thumb Code     8  libspace.o(.text)
    __user_perproc_libspace                  0x08000375   Thumb Code     0  libspace.o(.text)
    __user_perthread_libspace                0x08000375   Thumb Code     0  libspace.o(.text)
    _sys_exit                                0x0800037d   Thumb Code     8  sys_exit.o(.text)
    __I$use$semihosting                      0x08000389   Thumb Code     0  use_no_semi.o(.text)
    __use_no_semihosting_swi                 0x08000389   Thumb Code     2  use_no_semi.o(.text)
    __semihosting_library_function           0x0800038b   Thumb Code     0  indicate_semi.o(.text)
    ADC1_2_IRQHandler                        0x0800038d   Thumb Code    74  adc.o(i.ADC1_2_IRQHandler)
    LCD_Clear                                0x080003e1   Thumb Code    52  lcd.o(i.LCD_Clear)
    LCD_Clock_Init                           0x08000419   Thumb Code   190  lcd.o(i.LCD_Clock_Init)
    LCD_Configure                            0x080004e1   Thumb Code   252  lcd.o(i.LCD_Configure)
    LCD_DisplayString                        0x08000719   Thumb Code    92  lcd.o(i.LCD_DisplayString)
    LCD_Initialization                       0x08000775   Thumb Code    20  lcd.o(i.LCD_Initialization)
    LCD_PIN_Init                             0x08000789   Thumb Code   378  lcd.o(i.LCD_PIN_Init)
    LCD_WriteChar                            0x0800093d   Thumb Code  1946  lcd.o(i.LCD_WriteChar)
    LCD_bar                                  0x080010e1   Thumb Code   160  lcd.o(i.LCD_bar)
    Motor_Init_Left                          0x0800118d   Thumb Code   142  main.o(i.Motor_Init_Left)
    Motor_Init_Right                         0x08001229   Thumb Code   120  main.o(i.Motor_Init_Right)
    Pin_High_LeftWheel                       0x080012a9   Thumb Code    10  main.o(i.Pin_High_LeftWheel)
    Pin_High_RightWheel                      0x080012b9   Thumb Code    10  main.o(i.Pin_High_RightWheel)
    Pin_Low_LeftWheel                        0x080012c9   Thumb Code    10  main.o(i.Pin_Low_LeftWheel)
    Pin_Low_RightWheel                       0x080012d9   Thumb Code    10  main.o(i.Pin_Low_RightWheel)
    StepMotor_1                              0x080012e9   Thumb Code   284  main.o(i.StepMotor_1)
    StepMotor_2                              0x08001405   Thumb Code   284  main.o(i.StepMotor_2)
    SysTick_Handler                          0x08001521   Thumb Code    12  systimer.o(i.SysTick_Handler)
    SysTick_Init                             0x08001531   Thumb Code   122  systimer.o(i.SysTick_Init)
    System_Clock_Init                        0x080015b5   Thumb Code    84  main.o(i.System_Clock_Init)
    coil_m1_left                             0x0800160d   Thumb Code    56  main.o(i.coil_m1_left)
    coil_m1_right                            0x08001645   Thumb Code    56  main.o(i.coil_m1_right)
    delay                                    0x0800167d   Thumb Code    24  systimer.o(i.delay)
    delay1                                   0x08001699   Thumb Code    10  main.o(i.delay1)
    main                                     0x080016a5   Thumb Code   120  main.o(i.main)
    refsensor1                               0x08001729   Thumb Code   144  main.o(i.refsensor1)
    refsensor2                               0x080017c1   Thumb Code   144  main.o(i.refsensor2)
    refsensor3                               0x08001859   Thumb Code   144  main.o(i.refsensor3)
    refsensor4                               0x080018f1   Thumb Code   144  main.o(i.refsensor4)
    refsensor_init                           0x08001989   Thumb Code    32  main.o(i.refsensor_init)
    _fp_init                                 0x080019ad   Thumb Code    10  fpinit.o(x$fpl$fpinit)
    __fplib_config_fpu_vfp                   0x080019b5   Thumb Code     0  fpinit.o(x$fpl$fpinit)
    __fplib_config_pureend_doubles           0x080019b5   Thumb Code     0  fpinit.o(x$fpl$fpinit)
    CapLetterMap                             0x080019e0   Data          52  lcd.o(.constdata)
    NumberMap                                0x08001a14   Data          20  lcd.o(.constdata)
    Region$$Table$$Base                      0x08001a28   Number         0  anon$$obj.o(Region$$Table)
    Image$$ER_IROM1$$RO$$Limit               0x08001a48   Number         0  anon$$obj.o ABSOLUTE
    Image$$ER_IROM1$$RW$$Base                0x08001a48   Number         0  anon$$obj.o ABSOLUTE
    Image$$ER_IROM1$$RW$$Limit               0x08001a48   Number         0  anon$$obj.o ABSOLUTE
    Image$$ER_IROM1$$ZI$$Base                0x08001a48   Number         0  anon$$obj.o ABSOLUTE
    Image$$ER_IROM1$$ZI$$Limit               0x08001a48   Number         0  anon$$obj.o ABSOLUTE
    Load$$RW_IRAM1$$Base                     0x08001a48   Number         0  anon$$obj.o ABSOLUTE
    Region$$Table$$Limit                     0x08001a48   Number         0  anon$$obj.o(Region$$Table)
    Image$$RW_IRAM1$$Base                    0x20000000   Number         0  anon$$obj.o ABSOLUTE
    Image$$RW_IRAM1$$RO$$Base                0x20000000   Number         0  anon$$obj.o ABSOLUTE
    Image$$RW_IRAM1$$RW$$Base                0x20000000   Number         0  anon$$obj.o ABSOLUTE
    msTicks                                  0x20000000   Data           4  systimer.o(.data)
    result                                   0x20000008   Data           8  main.o(.data)
    count                                    0x20000010   Data           4  main.o(.data)
    count1                                   0x20000014   Data           4  main.o(.data)
    count2                                   0x20000018   Data           4  main.o(.data)
    count3                                   0x2000001c   Data           4  main.o(.data)
    tensPlace                                0x20000020   Data           4  main.o(.data)
    onesPlace                                0x20000024   Data           4  main.o(.data)
    r0                                       0x20000028   Data           1  main.o(.data)
    r1                                       0x20000029   Data           1  main.o(.data)
    r2                                       0x2000002a   Data           1  main.o(.data)
    r3                                       0x2000002b   Data           1  main.o(.data)
    t_bar                                    0x2000002c   Data           2  lcd.o(.data)
    Image$$RW_IRAM1$$Limit                   0x20000030   Number         0  anon$$obj.o ABSOLUTE
    Image$$RW_IRAM1$$RW$$Limit               0x20000030   Number         0  anon$$obj.o ABSOLUTE
    Image$$RW_IRAM1$$ZI$$Base                0x20000030   Number         0  anon$$obj.o ABSOLUTE
    __libspace_start                         0x20000030   Data          96  libspace.o(.bss)
    __temporary_stack_top$libspace           0x20000090   Data           0  libspace.o(.bss)
    Image$$RW_IRAM1$$ZI$$Limit               0x20000690   Number         0  anon$$obj.o ABSOLUTE



==============================================================================

Memory Map of the image

  Image Entry point : 0x08000189

  Load Region LR_IROM1 (Base: 0x08000000, Size: 0x00001a78, Max: 0x00100000, ABSOLUTE)

    Execution Region ER_IROM1 (Exec base: 0x08000000, Load base: 0x08000000, Size: 0x00001a48, Max: 0x00100000, ABSOLUTE)

    Exec Addr    Load Addr    Size         Type   Attr      Idx    E Section Name        Object

    0x08000000   0x08000000   0x00000188   Data   RO            3    RESET               startup_stm32l476xx.o
    0x08000188   0x08000188   0x00000008   Code   RO          386  * !!!main             c_w.l(__main.o)
    0x08000190   0x08000190   0x00000034   Code   RO          543    !!!scatter          c_w.l(__scatter.o)
    0x080001c4   0x080001c4   0x0000001a   Code   RO          545    !!handler_copy      c_w.l(__scatter_copy.o)
    0x080001de   0x080001de   0x00000002   PAD
    0x080001e0   0x080001e0   0x0000001c   Code   RO          547    !!handler_zi        c_w.l(__scatter_zi.o)
    0x080001fc   0x080001fc   0x00000002   Code   RO          413    .ARM.Collect$$libinit$$00000000  c_w.l(libinit.o)
    0x080001fe   0x080001fe   0x00000004   Code   RO          419    .ARM.Collect$$libinit$$00000001  c_w.l(libinit2.o)
    0x08000202   0x08000202   0x00000000   Code   RO          422    .ARM.Collect$$libinit$$00000004  c_w.l(libinit2.o)
    0x08000202   0x08000202   0x00000000   Code   RO          425    .ARM.Collect$$libinit$$0000000A  c_w.l(libinit2.o)
    0x08000202   0x08000202   0x00000000   Code   RO          427    .ARM.Collect$$libinit$$0000000C  c_w.l(libinit2.o)
    0x08000202   0x08000202   0x00000000   Code   RO          429    .ARM.Collect$$libinit$$0000000E  c_w.l(libinit2.o)
    0x08000202   0x08000202   0x00000000   Code   RO          432    .ARM.Collect$$libinit$$00000011  c_w.l(libinit2.o)
    0x08000202   0x08000202   0x00000000   Code   RO          434    .ARM.Collect$$libinit$$00000013  c_w.l(libinit2.o)
    0x08000202   0x08000202   0x00000000   Code   RO          436    .ARM.Collect$$libinit$$00000015  c_w.l(libinit2.o)
    0x08000202   0x08000202   0x00000000   Code   RO          438    .ARM.Collect$$libinit$$00000017  c_w.l(libinit2.o)
    0x08000202   0x08000202   0x00000000   Code   RO          440    .ARM.Collect$$libinit$$00000019  c_w.l(libinit2.o)
    0x08000202   0x08000202   0x00000000   Code   RO          442    .ARM.Collect$$libinit$$0000001B  c_w.l(libinit2.o)
    0x08000202   0x08000202   0x00000000   Code   RO          444    .ARM.Collect$$libinit$$0000001D  c_w.l(libinit2.o)
    0x08000202   0x08000202   0x00000000   Code   RO          446    .ARM.Collect$$libinit$$0000001F  c_w.l(libinit2.o)
    0x08000202   0x08000202   0x00000000   Code   RO          448    .ARM.Collect$$libinit$$00000021  c_w.l(libinit2.o)
    0x08000202   0x08000202   0x00000000   Code   RO          450    .ARM.Collect$$libinit$$00000023  c_w.l(libinit2.o)
    0x08000202   0x08000202   0x00000000   Code   RO          452    .ARM.Collect$$libinit$$00000025  c_w.l(libinit2.o)
    0x08000202   0x08000202   0x00000000   Code   RO          456    .ARM.Collect$$libinit$$0000002C  c_w.l(libinit2.o)
    0x08000202   0x08000202   0x00000000   Code   RO          458    .ARM.Collect$$libinit$$0000002E  c_w.l(libinit2.o)
    0x08000202   0x08000202   0x00000000   Code   RO          460    .ARM.Collect$$libinit$$00000030  c_w.l(libinit2.o)
    0x08000202   0x08000202   0x00000000   Code   RO          462    .ARM.Collect$$libinit$$00000032  c_w.l(libinit2.o)
    0x08000202   0x08000202   0x00000002   Code   RO          463    .ARM.Collect$$libinit$$00000033  c_w.l(libinit2.o)
    0x08000204   0x08000204   0x00000002   Code   RO          483    .ARM.Collect$$libshutdown$$00000000  c_w.l(libshutdown.o)
    0x08000206   0x08000206   0x00000000   Code   RO          496    .ARM.Collect$$libshutdown$$00000002  c_w.l(libshutdown2.o)
    0x08000206   0x08000206   0x00000000   Code   RO          498    .ARM.Collect$$libshutdown$$00000004  c_w.l(libshutdown2.o)
    0x08000206   0x08000206   0x00000000   Code   RO          501    .ARM.Collect$$libshutdown$$00000007  c_w.l(libshutdown2.o)
    0x08000206   0x08000206   0x00000000   Code   RO          504    .ARM.Collect$$libshutdown$$0000000A  c_w.l(libshutdown2.o)
    0x08000206   0x08000206   0x00000000   Code   RO          506    .ARM.Collect$$libshutdown$$0000000C  c_w.l(libshutdown2.o)
    0x08000206   0x08000206   0x00000000   Code   RO          509    .ARM.Collect$$libshutdown$$0000000F  c_w.l(libshutdown2.o)
    0x08000206   0x08000206   0x00000002   Code   RO          510    .ARM.Collect$$libshutdown$$00000010  c_w.l(libshutdown2.o)
    0x08000208   0x08000208   0x00000000   Code   RO          388    .ARM.Collect$$rtentry$$00000000  c_w.l(__rtentry.o)
    0x08000208   0x08000208   0x00000000   Code   RO          390    .ARM.Collect$$rtentry$$00000002  c_w.l(__rtentry2.o)
    0x08000208   0x08000208   0x00000006   Code   RO          402    .ARM.Collect$$rtentry$$00000004  c_w.l(__rtentry4.o)
    0x0800020e   0x0800020e   0x00000000   Code   RO          392    .ARM.Collect$$rtentry$$00000009  c_w.l(__rtentry2.o)
    0x0800020e   0x0800020e   0x00000004   Code   RO          393    .ARM.Collect$$rtentry$$0000000A  c_w.l(__rtentry2.o)
    0x08000212   0x08000212   0x00000000   Code   RO          395    .ARM.Collect$$rtentry$$0000000C  c_w.l(__rtentry2.o)
    0x08000212   0x08000212   0x00000008   Code   RO          396    .ARM.Collect$$rtentry$$0000000D  c_w.l(__rtentry2.o)
    0x0800021a   0x0800021a   0x00000002   Code   RO          417    .ARM.Collect$$rtexit$$00000000  c_w.l(rtexit.o)
    0x0800021c   0x0800021c   0x00000000   Code   RO          465    .ARM.Collect$$rtexit$$00000002  c_w.l(rtexit2.o)
    0x0800021c   0x0800021c   0x00000004   Code   RO          466    .ARM.Collect$$rtexit$$00000003  c_w.l(rtexit2.o)
    0x08000220   0x08000220   0x00000006   Code   RO          467    .ARM.Collect$$rtexit$$00000004  c_w.l(rtexit2.o)
    0x08000226   0x08000226   0x00000002   PAD
    0x08000228   0x08000228   0x00000084   Code   RO            4    .text               startup_stm32l476xx.o
    0x080002ac   0x080002ac   0x00000064   Code   RO          382    .text               c_w.l(rt_memcpy_w.o)
    0x08000310   0x08000310   0x00000006   Code   RO          384    .text               c_w.l(heapauxi.o)
    0x08000316   0x08000316   0x0000004a   Code   RO          404    .text               c_w.l(sys_stackheap_outer.o)
    0x08000360   0x08000360   0x00000012   Code   RO          406    .text               c_w.l(exit.o)
    0x08000372   0x08000372   0x00000002   PAD
    0x08000374   0x08000374   0x00000008   Code   RO          414    .text               c_w.l(libspace.o)
    0x0800037c   0x0800037c   0x0000000c   Code   RO          475    .text               c_w.l(sys_exit.o)
    0x08000388   0x08000388   0x00000002   Code   RO          486    .text               c_w.l(use_no_semi.o)
    0x0800038a   0x0800038a   0x00000000   Code   RO          488    .text               c_w.l(indicate_semi.o)
    0x0800038a   0x0800038a   0x00000002   PAD
    0x0800038c   0x0800038c   0x00000054   Code   RO          237    i.ADC1_2_IRQHandler  adc.o
    0x080003e0   0x080003e0   0x00000038   Code   RO          295    i.LCD_Clear         lcd.o
    0x08000418   0x08000418   0x000000c8   Code   RO          296    i.LCD_Clock_Init    lcd.o
    0x080004e0   0x080004e0   0x00000100   Code   RO          297    i.LCD_Configure     lcd.o
    0x080005e0   0x080005e0   0x00000138   Code   RO          298    i.LCD_Conv_Char_Seg  lcd.o
    0x08000718   0x08000718   0x0000005c   Code   RO          300    i.LCD_DisplayString  lcd.o
    0x08000774   0x08000774   0x00000014   Code   RO          301    i.LCD_Initialization  lcd.o
    0x08000788   0x08000788   0x000001b4   Code   RO          302    i.LCD_PIN_Init      lcd.o
    0x0800093c   0x0800093c   0x000007a4   Code   RO          303    i.LCD_WriteChar     lcd.o
    0x080010e0   0x080010e0   0x000000ac   Code   RO          304    i.LCD_bar           lcd.o
    0x0800118c   0x0800118c   0x0000009c   Code   RO           82    i.Motor_Init_Left   main.o
    0x08001228   0x08001228   0x00000080   Code   RO           83    i.Motor_Init_Right  main.o
    0x080012a8   0x080012a8   0x00000010   Code   RO           84    i.Pin_High_LeftWheel  main.o
    0x080012b8   0x080012b8   0x00000010   Code   RO           85    i.Pin_High_RightWheel  main.o
    0x080012c8   0x080012c8   0x00000010   Code   RO           86    i.Pin_Low_LeftWheel  main.o
    0x080012d8   0x080012d8   0x00000010   Code   RO           87    i.Pin_Low_RightWheel  main.o
    0x080012e8   0x080012e8   0x0000011c   Code   RO           88    i.StepMotor_1       main.o
    0x08001404   0x08001404   0x0000011c   Code   RO           89    i.StepMotor_2       main.o
    0x08001520   0x08001520   0x00000010   Code   RO           13    i.SysTick_Handler   systimer.o
    0x08001530   0x08001530   0x00000084   Code   RO           14    i.SysTick_Init      systimer.o
    0x080015b4   0x080015b4   0x00000058   Code   RO           90    i.System_Clock_Init  main.o
    0x0800160c   0x0800160c   0x00000038   Code   RO           91    i.coil_m1_left      main.o
    0x08001644   0x08001644   0x00000038   Code   RO           92    i.coil_m1_right     main.o
    0x0800167c   0x0800167c   0x0000001c   Code   RO           15    i.delay             systimer.o
    0x08001698   0x08001698   0x0000000a   Code   RO           93    i.delay1            main.o
    0x080016a2   0x080016a2   0x00000002   PAD
    0x080016a4   0x080016a4   0x00000084   Code   RO           94    i.main              main.o
    0x08001728   0x08001728   0x00000098   Code   RO           95    i.refsensor1        main.o
    0x080017c0   0x080017c0   0x00000098   Code   RO           96    i.refsensor2        main.o
    0x08001858   0x08001858   0x00000098   Code   RO           97    i.refsensor3        main.o
    0x080018f0   0x080018f0   0x00000098   Code   RO           98    i.refsensor4        main.o
    0x08001988   0x08001988   0x00000024   Code   RO           99    i.refsensor_init    main.o
    0x080019ac   0x080019ac   0x0000000a   Code   RO          473    x$fpl$fpinit        fz_wm.l(fpinit.o)
    0x080019b6   0x080019b6   0x00000002   PAD
    0x080019b8   0x080019b8   0x00000028   Data   RO          100    .constdata          main.o
    0x080019e0   0x080019e0   0x00000048   Data   RO          305    .constdata          lcd.o
    0x08001a28   0x08001a28   0x00000020   Data   RO          541    Region$$Table       anon$$obj.o


    Execution Region RW_IRAM1 (Exec base: 0x20000000, Load base: 0x08001a48, Size: 0x00000690, Max: 0x00018000, ABSOLUTE)

    Exec Addr    Load Addr    Size         Type   Attr      Idx    E Section Name        Object

    0x20000000   0x08001a48   0x00000004   Data   RW           16    .data               systimer.o
    0x20000004   0x08001a4c   0x00000004   PAD
    0x20000008   0x08001a50   0x00000024   Data   RW          101    .data               main.o
    0x2000002c   0x08001a74   0x00000002   Data   RW          306    .data               lcd.o
    0x2000002e   0x08001a76   0x00000002   PAD
    0x20000030        -       0x00000060   Zero   RW          415    .bss                c_w.l(libspace.o)
    0x20000090        -       0x00000200   Zero   RW            2    HEAP                startup_stm32l476xx.o
    0x20000290        -       0x00000400   Zero   RW            1    STACK               startup_stm32l476xx.o


==============================================================================

Image component sizes


      Code (inc. data)   RO Data    RW Data    ZI Data      Debug   Object Name

        84         10          0          0          0     343631   adc.o
      3500        150         72          2          0       7550   lcd.o
      1902        114         40         36          0      11389   main.o
       132         42        392          0       1536        880   startup_stm32l476xx.o
       176         18          0          4          0     349410   systimer.o

    ----------------------------------------------------------------------
      5796        334        536         48       1536     712860   Object Totals
         0          0         32          0          0          0   (incl. Generated)
         2          0          0          6          0          0   (incl. Padding)

    ----------------------------------------------------------------------

      Code (inc. data)   RO Data    RW Data    ZI Data      Debug   Library Member Name

         8          0          0          0          0         68   __main.o
         0          0          0          0          0          0   __rtentry.o
        12          0          0          0          0          0   __rtentry2.o
         6          0          0          0          0          0   __rtentry4.o
        52          8          0          0          0          0   __scatter.o
        26          0          0          0          0          0   __scatter_copy.o
        28          0          0          0          0          0   __scatter_zi.o
        18          0          0          0          0         80   exit.o
         6          0          0          0          0        152   heapauxi.o
         0          0          0          0          0          0   indicate_semi.o
         2          0          0          0          0          0   libinit.o
         6          0          0          0          0          0   libinit2.o
         2          0          0          0          0          0   libshutdown.o
         2          0          0          0          0          0   libshutdown2.o
         8          4          0          0         96         68   libspace.o
       100          0          0          0          0         80   rt_memcpy_w.o
         2          0          0          0          0          0   rtexit.o
        10          0          0          0          0          0   rtexit2.o
        12          4          0          0          0         68   sys_exit.o
        74          0          0          0          0         80   sys_stackheap_outer.o
         2          0          0          0          0         68   use_no_semi.o
        10          0          0          0          0        116   fpinit.o

    ----------------------------------------------------------------------
       396         16          0          0         96        780   Library Totals
        10          0          0          0          0          0   (incl. Padding)

    ----------------------------------------------------------------------

      Code (inc. data)   RO Data    RW Data    ZI Data      Debug   Library Name

       376         16          0          0         96        664   c_w.l
        10          0          0          0          0        116   fz_wm.l

    ----------------------------------------------------------------------
       396         16          0          0         96        780   Library Totals

    ----------------------------------------------------------------------

==============================================================================


      Code (inc. data)   RO Data    RW Data    ZI Data      Debug   

      6192        350        536         48       1632     710732   Grand Totals
      6192        350        536         48       1632     710732   ELF Image Totals
      6192        350        536         48          0          0   ROM Totals

==============================================================================

    Total RO  Size (Code + RO Data)                 6728 (   6.57kB)
    Total RW  Size (RW Data + ZI Data)              1680 (   1.64kB)
    Total ROM Size (Code + RO Data + RW Data)       6776 (   6.62kB)

==============================================================================

